Assertion error: declaration must start from "fun"