Assertion error: expected colon before argument's type, found I at pos 30