Assertion error: expected argument's name, found ) at pos 45