Assertion error: expected comma for rest arguments, found : at pos 36