Type cannot start from lowercase or _. Illegal character i at pos 114