Type cannot start from lowercase or _. Illegal character _ at pos 114