Assertion error: expected end of input, found D at pos 22