No one token can start from digit. Illegal character 1 at pos 9