#include <bits/stdc++.h>;
using namespace std;

int funWithoutArgs() {
return 5;
}

//EXIT