Incorrect function name, expected doNotMergeFunctions