#include <bits/stdc++.h>;
using namespace std;

int funWithIf(int arg1, int arg2) {
if ((arg1 == 0) || (arg2 == 0)) {
return (arg1 + arg2);
}
if ((arg1 > arg2)) {
return funWithIf((arg1 % arg2), arg2);
}
else {
return funWithIf(arg1, (arg2 % arg1));
}
}

//EXIT