Incorrect argument b, expected name from arguments